version https://git-lfs.github.com/spec/v1
oid sha256:9af29ad9a9232a487a3732f0b59753f0d7f802384d399ea28d866e032a64b517
size 4386
