version https://git-lfs.github.com/spec/v1
oid sha256:a1a908e3b9b2386ec74ec673bb4ba7370c6a9a50ff92158fa7d61eeab21a2c75
size 1715
