version https://git-lfs.github.com/spec/v1
oid sha256:d35f321296b7d9981899ed0fa63475689543c8d10122ef201907667a805b22c0
size 6109
