version https://git-lfs.github.com/spec/v1
oid sha256:f39a4e1cc5ecd6df1a0c99725165e7ad6e49988f566ccc871aadfc58ce5ec937
size 43242
