version https://git-lfs.github.com/spec/v1
oid sha256:1a1ebe46abea3db3076ec7161f9b16f01e05da42424e68c2276c65495ebc7f9f
size 8833
