version https://git-lfs.github.com/spec/v1
oid sha256:45bddc22c5928e40fc0d758a70cc8c14d8f666479867241b05c9a9529e68baa3
size 18243
