version https://git-lfs.github.com/spec/v1
oid sha256:beb471517e0c16dd22c8223c77cc588d662a65a6613d5697961017934d1c9587
size 64171
