version https://git-lfs.github.com/spec/v1
oid sha256:9926b272b4179d9fb6472533eb9247e8751890351c2115dfd09b72f37870fcb0
size 9034
