version https://git-lfs.github.com/spec/v1
oid sha256:3bd7abd62f450450d2a8a17645ee358af0fd4707c37b94ab5e6bbfe93729e072
size 3549
