version https://git-lfs.github.com/spec/v1
oid sha256:017703ed401792dab5246c96a6934bd410ee08c1b656672ea9197288297047b4
size 9177
