version https://git-lfs.github.com/spec/v1
oid sha256:69bea435861d2b3433f8d53d903d0e7bba3278acd0746cfae7d1abe3aa834e81
size 43106
