version https://git-lfs.github.com/spec/v1
oid sha256:073423dac00bcc41a554dece518f24ac7647fbc900da1417c8bfaeeb9066ad8b
size 8180
