version https://git-lfs.github.com/spec/v1
oid sha256:a75e223b6812f803ae5b13340a53f6cb9703f9bcb0855bc6b0bc83d469e902e9
size 23983
