version https://git-lfs.github.com/spec/v1
oid sha256:4e1f4efbd3859cb06b51ed9b1f251071f2775970f0f47f941fb3ba4bb60e795b
size 67058
