version https://git-lfs.github.com/spec/v1
oid sha256:f425b53afb6e0438c744b88c6bb4ac13d832e5ee6971ed1d27fde85fe3e92aff
size 44617
