version https://git-lfs.github.com/spec/v1
oid sha256:930cff6e10eed80bff91c2b580ea225889f2aeb084bf516e77a4a4d7168764b3
size 26440
