version https://git-lfs.github.com/spec/v1
oid sha256:dd72a639690204de8fe75f8521924b79935882eaf7a6338b93c017858e6d4ddd
size 64451
