version https://git-lfs.github.com/spec/v1
oid sha256:bafdc09572dc7fd151702e45653425ea9c7bdebb0e92b34d4d1e7f3cb6be6e86
size 41843
