version https://git-lfs.github.com/spec/v1
oid sha256:76dfef583862e90962352c1a3de3e41a45ec96a032da4f884b7f90edeee8777b
size 51133
