version https://git-lfs.github.com/spec/v1
oid sha256:ae5d43f64d6225554385980f3a4534b7dab20b1397c344aaefd7fa2d998963fc
size 57427
