version https://git-lfs.github.com/spec/v1
oid sha256:5dc481955662d278d1a52b0bec1783fdee4cca3add6195d6535561d8ca98e307
size 83592
