version https://git-lfs.github.com/spec/v1
oid sha256:9e5d3c908331645314d8d950fd493e8e8d7a97f9802123ed4675997aa37b9174
size 83575
