version https://git-lfs.github.com/spec/v1
oid sha256:6673776cfc42d62792bfaf4cfe26f6f6ccaf58cb8719a0477846149fa51b223e
size 56314
