version https://git-lfs.github.com/spec/v1
oid sha256:39981fb96d12876a528aabc7878910cfa796a208714c95e7a474824c4f27d781
size 57440
