version https://git-lfs.github.com/spec/v1
oid sha256:a54512b3aa901a302ac37f63c9f99b47c34ac8a18191b5b921885fdb0fc227f9
size 59968
