version https://git-lfs.github.com/spec/v1
oid sha256:d5308c7419d5ed84584a7c83adac62ee56e1da5feece17a1a1c3dcfd91f8a669
size 57826
