version https://git-lfs.github.com/spec/v1
oid sha256:26e30270c0b0dfb4ee9512c89526c32a2a42bb93bdec557054a79d16660f1197
size 55555
