version https://git-lfs.github.com/spec/v1
oid sha256:d3e6f1102a9addd369c709b71c222d8b0d909da5d9be07b124b50bb25761ff4c
size 55568
