version https://git-lfs.github.com/spec/v1
oid sha256:dd759c19ead8b35cf0b6489a6a7460118b3e851bcff51211399a857cd0f88bfd
size 58096
