version https://git-lfs.github.com/spec/v1
oid sha256:ade95bb53f2ca4fb19b4cd73becd361fa4099fb5738c412a055008441fd50c57
size 3660
