version https://git-lfs.github.com/spec/v1
oid sha256:e1f583377c7d3c34b64615c61f0c9ae78529aa0bdbf5a89475c626712c39b6b5
size 78888
