version https://git-lfs.github.com/spec/v1
oid sha256:85f27bbcdfb2b6b6095f5568b890c300e6a8895dc717c18281dec02c5b092974
size 11994
