version https://git-lfs.github.com/spec/v1
oid sha256:3dd9bd6a49028df3f3d4de54188d337f9099429d5e41e603abc2f1f65f5641ae
size 41687
