version https://git-lfs.github.com/spec/v1
oid sha256:f8139671554c19329f1b95543db743f8b01ac792f6461bbab24b777e6a6a97c5
size 13231
