version https://git-lfs.github.com/spec/v1
oid sha256:6fe9fc2cfc64e55390b81ee8fc29688f341d009b3b8865cd36f6244dc1fb7e5c
size 24636
