version https://git-lfs.github.com/spec/v1
oid sha256:eba5ae90442f039ce838f21726bfe822218a1007ef39f6bfe1c299fc7accd688
size 46489
