version https://git-lfs.github.com/spec/v1
oid sha256:5df06f953cf2dfe9f9d4d78fe589258a9bff0fedf95c8903aa0244d9322bd40a
size 1717
