version https://git-lfs.github.com/spec/v1
oid sha256:5a2e5b49b814ec2e1858057669b0885790219401924fa41ecb022a7f23c5eb89
size 43478
