version https://git-lfs.github.com/spec/v1
oid sha256:85b87ac1775d1f7a2019b81313797b7a27ee5edf6b0e98ab2108ba5fa1f37aed
size 13249
