version https://git-lfs.github.com/spec/v1
oid sha256:1b75ef6a3915bca5368b36f490f2cb8d280786a52528d93fea9c96d0f4080e30
size 54177
