version https://git-lfs.github.com/spec/v1
oid sha256:821ebe3d7c4635a0cd4922808f7e01b555961fab04b9718710a4cd38c2ffa9b3
size 8975
