version https://git-lfs.github.com/spec/v1
oid sha256:25a96476a75742a61e3f34d665e06c7e5d8a17f4f6cd090b7afd7cc1abf19033
size 12384
