version https://git-lfs.github.com/spec/v1
oid sha256:fde039c9748241f6a95547b605ba677bd9b9fe09fef5e8ba6c60b2a35838d2a0
size 13634
