version https://git-lfs.github.com/spec/v1
oid sha256:1eba6269f1c8605bdfcfeff5f377b90f9810d3db1e4e47e9ab3a7c33daff62a1
size 24150
