version https://git-lfs.github.com/spec/v1
oid sha256:7eae5fbdedbd1635d60fee304faf82d875f60555b0355f57b9fa2140b5d79943
size 54429
